// 重构日志: dca77157
// 重构日志: 61b8cdc1
// 重构日志: 9df8dd9f
// 重构日志: ba8a827a
// 重构日志: c933393d
// 重构日志: be461d73
// 同步 ID: d491ddd8 @ Mon Jul 27 18:22:14 UTC 2026
// 重构日志: 553a17d6
// 重构日志: 5f235d44
// 同步 ID: 012156bb @ Wed Jul 29 05:50:47 UTC 2026
// 同步 ID: 6d3f4462 @ Wed Jul 29 14:29:57 UTC 2026
// 同步 ID: c499f606 @ Thu Jul 30 04:03:18 UTC 2026
// 重构日志: fffb8c1c
// 同步 ID: 07ba1064 @ Sat Aug  1 06:14:41 UTC 2026
// 同步 ID: 189b23d2 @ Mon Aug  3 06:23:20 UTC 2026
// 重构日志: 21d43a7d
// 重构日志: 14ecb1dc
// 重构日志: acd0c230
// 同步 ID: f41bccdb @ Thu Aug  6 01:56:04 UTC 2026
// 同步 ID: f3690289 @ Thu Aug  6 05:15:34 UTC 2026
// 同步 ID: c39229b6 @ Fri Aug  7 04:03:10 UTC 2026
// 同步 ID: c23678dd @ Fri Aug  7 07:39:10 UTC 2026
// 重构日志: 6c563555
// 重构日志: ce901d02
// 重构日志: cb588043
// 重构日志: 3cf09cc6
// 同步 ID: 1845c286 @ Sat Aug  8 06:06:36 UTC 2026
// 同步 ID: ee586974 @ Sat Aug  8 09:20:27 UTC 2026
// 重构日志: 0e87444b
// 同步 ID: c7af3fa4 @ Sat Aug  8 11:04:27 UTC 2026
